{"error":"Database connection failed: SQLSTATE[08006] [7] connection to server at \"ep-purple-shape-ade5xlqb-pooler.c-2.us-east-1.aws.neon.tech\" (54.156.15.30), port 5432 failed: server closed the connection unexpectedly\n\tThis probably means the server terminated abnormally\n\tbefore or while processing the request."}
